[1980-01-01 00:39:18.11] ================ BEGIN RUN ================
[1980-01-01 00:39:18.17] Willem V30 version 0.2.0-dev; 8086-compatible; 24-bit address build
[1980-01-01 00:39:18.17] Command-line argc=5
[1980-01-01 00:39:18.17] argv[0]=<C>
[1980-01-01 00:39:18.22] argv[1]=<RRF5>
[1980-01-01 00:39:18.22] argv[2]=<RF205B.BIN>
[1980-01-01 00:39:18.22] argv[3]=<378>
[1980-01-01 00:39:18.28] argv[4]=</PROFILE:conservative>
[1980-01-01 00:39:18.44] DOSRAVI_PROFILE name=conservative address_setup_us=4 oe_settle_us=4 input_latch_us=4 input_clock_us=4 power_on_ms=5 build_id=dosravi-m2764a-write-v1
[1980-01-01 00:39:18.50] Operation=READ device=K573RF5/2716 image=RF205B.BIN LPT=378h trace=off
[1980-01-01 00:39:18.50] Required DIP mask=1a3h; VPP MUST remain off
[1980-01-01 00:39:18.55] DIP number:  1  2  3  4  5  6  7  8  9 10 11 12
[1980-01-01 00:39:18.55] DIP ON :   [X][X][ ][ ][ ][X][ ][X][X][ ][ ][ ]
[1980-01-01 00:39:18.55] DIP OFF:   [ ][ ][X][X][X][ ][X][ ][ ][X][X][X]
[1980-01-01 00:39:18.61] Set each numbered lever toward the row containing X
[1980-01-01 00:39:18.61] ZIF pair: lever/notch -> [--][--][--][--][1/24] ... [12/13]
[1980-01-01 00:39:18.66] Leave FOUR rows empty at lever end; place chip at far end
[1980-01-01 00:39:18.66] Use SPECIAL 2716 route; notch faces empty rows and lever
[1980-01-01 00:39:18.72] Initial raw DATA=00 STATUS=77 CONTROL=0b
[1980-01-01 00:39:18.72] Power transition: enabling VCC, VPP off
[1980-01-01 00:39:25.75] Scan progress: 512/2048 bytes
[1980-01-01 00:39:32.72] Scan progress: 1024/2048 bytes
[1980-01-01 00:39:39.75] Scan progress: 1536/2048 bytes
[1980-01-01 00:39:46.73] Scan progress: 2048/2048 bytes
[1980-01-01 00:39:46.78] DOSRAVI_METRIC read_ms=28050 profile=conservative
[1980-01-01 00:39:46.78] Power transition: safe shutdown begins
[1980-01-01 00:39:46.84] Safe shutdown complete: VCC off, VPP off
[1980-01-01 00:39:47.11] Read complete: bytes=2048 CRC16-CCITT=33d7
[1980-01-01 00:39:47.11] Result code=0
[1980-01-01 00:39:47.17] ================= END RUN =================
[1980-01-01 00:42:00.69] ================ BEGIN RUN ================
[1980-01-01 00:42:00.75] Willem V30 version 0.2.0-dev; 8086-compatible; 24-bit address build
[1980-01-01 00:42:00.75] Command-line argc=5
[1980-01-01 00:42:00.80] argv[0]=<C>
[1980-01-01 00:42:00.80] argv[1]=<RRF5>
[1980-01-01 00:42:00.80] argv[2]=<RF206A.BIN>
[1980-01-01 00:42:00.86] argv[3]=<378>
[1980-01-01 00:42:00.86] argv[4]=</PROFILE:conservative>
[1980-01-01 00:42:00.91] DOSRAVI_PROFILE name=conservative address_setup_us=4 oe_settle_us=4 input_latch_us=4 input_clock_us=4 power_on_ms=5 build_id=dosravi-m2764a-write-v1
[1980-01-01 00:42:00.97] Operation=READ device=K573RF5/2716 image=RF206A.BIN LPT=378h trace=off
[1980-01-01 00:42:00.97] Required DIP mask=1a3h; VPP MUST remain off
[1980-01-01 00:42:01.02] DIP number:  1  2  3  4  5  6  7  8  9 10 11 12
[1980-01-01 00:42:01.02] DIP ON :   [X][X][ ][ ][ ][X][ ][X][X][ ][ ][ ]
[1980-01-01 00:42:01.08] DIP OFF:   [ ][ ][X][X][X][ ][X][ ][ ][X][X][X]
[1980-01-01 00:42:01.08] Set each numbered lever toward the row containing X
[1980-01-01 00:42:01.13] ZIF pair: lever/notch -> [--][--][--][--][1/24] ... [12/13]
[1980-01-01 00:42:01.13] Leave FOUR rows empty at lever end; place chip at far end
[1980-01-01 00:42:01.18] Use SPECIAL 2716 route; notch faces empty rows and lever
[1980-01-01 00:42:01.24] Initial raw DATA=00 STATUS=77 CONTROL=0b
[1980-01-01 00:42:01.29] Power transition: enabling VCC, VPP off
[1980-01-01 00:42:08.27] Scan progress: 512/2048 bytes
[1980-01-01 00:42:15.30] Scan progress: 1024/2048 bytes
[1980-01-01 00:42:22.28] Scan progress: 1536/2048 bytes
[1980-01-01 00:42:29.31] Scan progress: 2048/2048 bytes
[1980-01-01 00:42:29.31] DOSRAVI_METRIC read_ms=28050 profile=conservative
[1980-01-01 00:42:29.31] Power transition: safe shutdown begins
[1980-01-01 00:42:29.36] Safe shutdown complete: VCC off, VPP off
[1980-01-01 00:42:29.64] Read complete: bytes=2048 CRC16-CCITT=33d7
[1980-01-01 00:42:29.69] Result code=0
[1980-01-01 00:42:29.69] ================= END RUN =================
[1980-01-01 00:42:56.60] ================ BEGIN RUN ================
[1980-01-01 00:42:56.60] Willem V30 version 0.2.0-dev; 8086-compatible; 24-bit address build
[1980-01-01 00:42:56.66] Command-line argc=5
[1980-01-01 00:42:56.66] argv[0]=<C>
[1980-01-01 00:42:56.66] argv[1]=<RRF5>
[1980-01-01 00:42:56.71] argv[2]=<RF206B.BIN>
[1980-01-01 00:42:56.71] argv[3]=<378>
[1980-01-01 00:42:56.71] argv[4]=</PROFILE:conservative>
[1980-01-01 00:42:56.77] DOSRAVI_PROFILE name=conservative address_setup_us=4 oe_settle_us=4 input_latch_us=4 input_clock_us=4 power_on_ms=5 build_id=dosravi-m2764a-write-v1
[1980-01-01 00:42:56.82] Operation=READ device=K573RF5/2716 image=RF206B.BIN LPT=378h trace=off
[1980-01-01 00:42:56.88] Required DIP mask=1a3h; VPP MUST remain off
[1980-01-01 00:42:56.88] DIP number:  1  2  3  4  5  6  7  8  9 10 11 12
[1980-01-01 00:42:56.93] DIP ON :   [X][X][ ][ ][ ][X][ ][X][X][ ][ ][ ]
[1980-01-01 00:42:56.93] DIP OFF:   [ ][ ][X][X][X][ ][X][ ][ ][X][X][X]
[1980-01-01 00:42:56.99] Set each numbered lever toward the row containing X
[1980-01-01 00:42:56.99] ZIF pair: lever/notch -> [--][--][--][--][1/24] ... [12/13]
[1980-01-01 00:42:57.04] Leave FOUR rows empty at lever end; place chip at far end
[1980-01-01 00:42:57.04] Use SPECIAL 2716 route; notch faces empty rows and lever
[1980-01-01 00:42:57.10] Initial raw DATA=00 STATUS=77 CONTROL=0b
[1980-01-01 00:42:57.10] Power transition: enabling VCC, VPP off
[1980-01-01 00:43:04.13] Scan progress: 512/2048 bytes
[1980-01-01 00:43:11.11] Scan progress: 1024/2048 bytes
[1980-01-01 00:43:18.14] Scan progress: 1536/2048 bytes
[1980-01-01 00:43:25.11] Scan progress: 2048/2048 bytes
[1980-01-01 00:43:25.11] DOSRAVI_METRIC read_ms=28050 profile=conservative
[1980-01-01 00:43:25.17] Power transition: safe shutdown begins
[1980-01-01 00:43:25.22] Safe shutdown complete: VCC off, VPP off
[1980-01-01 00:43:25.55] Read complete: bytes=2048 CRC16-CCITT=33d7
[1980-01-01 00:43:25.61] Result code=0
[1980-01-01 00:43:25.61] ================= END RUN =================
[1980-01-01 00:45:39.95] ================ BEGIN RUN ================
[1980-01-01 00:45:39.95] Willem V30 version 0.2.0-dev; 8086-compatible; 24-bit address build
[1980-01-01 00:45:40.01] Command-line argc=5
[1980-01-01 00:45:40.01] argv[0]=<C>
[1980-01-01 00:45:40.01] argv[1]=<RRF5>
[1980-01-01 00:45:40.06] argv[2]=<RF207A.BIN>
[1980-01-01 00:45:40.06] argv[3]=<378>
[1980-01-01 00:45:40.06] argv[4]=</PROFILE:conservative>
[1980-01-01 00:45:40.12] DOSRAVI_PROFILE name=conservative address_setup_us=4 oe_settle_us=4 input_latch_us=4 input_clock_us=4 power_on_ms=5 build_id=dosravi-m2764a-write-v1
[1980-01-01 00:45:40.17] Operation=READ device=K573RF5/2716 image=RF207A.BIN LPT=378h trace=off
[1980-01-01 00:45:40.23] Required DIP mask=1a3h; VPP MUST remain off
[1980-01-01 00:45:40.23] DIP number:  1  2  3  4  5  6  7  8  9 10 11 12
[1980-01-01 00:45:40.28] DIP ON :   [X][X][ ][ ][ ][X][ ][X][X][ ][ ][ ]
[1980-01-01 00:45:40.28] DIP OFF:   [ ][ ][X][X][X][ ][X][ ][ ][X][X][X]
[1980-01-01 00:45:40.34] Set each numbered lever toward the row containing X
[1980-01-01 00:45:40.34] ZIF pair: lever/notch -> [--][--][--][--][1/24] ... [12/13]
[1980-01-01 00:45:40.39] Leave FOUR rows empty at lever end; place chip at far end
[1980-01-01 00:45:40.39] Use SPECIAL 2716 route; notch faces empty rows and lever
[1980-01-01 00:45:40.45] Initial raw DATA=00 STATUS=7f CONTROL=0b
[1980-01-01 00:45:40.45] Power transition: enabling VCC, VPP off
[1980-01-01 00:45:47.48] Scan progress: 512/2048 bytes
[1980-01-01 00:45:54.45] Scan progress: 1024/2048 bytes
[1980-01-01 00:46:01.48] Scan progress: 1536/2048 bytes
[1980-01-01 00:46:08.46] Scan progress: 2048/2048 bytes
[1980-01-01 00:46:08.46] DOSRAVI_METRIC read_ms=28050 profile=conservative
[1980-01-01 00:46:08.51] Power transition: safe shutdown begins
[1980-01-01 00:46:08.57] Safe shutdown complete: VCC off, VPP off
[1980-01-01 00:46:08.84] Read complete: bytes=2048 CRC16-CCITT=33d7
[1980-01-01 00:46:08.90] Result code=0
[1980-01-01 00:46:08.90] ================= END RUN =================
[1980-01-01 00:46:38.45] ================ BEGIN RUN ================
[1980-01-01 00:46:38.50] Willem V30 version 0.2.0-dev; 8086-compatible; 24-bit address build
[1980-01-01 00:46:38.50] Command-line argc=5
[1980-01-01 00:46:38.56] argv[0]=<C>
[1980-01-01 00:46:38.56] argv[1]=<RRF5>
[1980-01-01 00:46:38.56] argv[2]=<RF207B.BIN>
[1980-01-01 00:46:38.61] argv[3]=<378>
[1980-01-01 00:46:38.61] argv[4]=</PROFILE:conservative>
[1980-01-01 00:46:38.67] DOSRAVI_PROFILE name=conservative address_setup_us=4 oe_settle_us=4 input_latch_us=4 input_clock_us=4 power_on_ms=5 build_id=dosravi-m2764a-write-v1
[1980-01-01 00:46:38.72] Operation=READ device=K573RF5/2716 image=RF207B.BIN LPT=378h trace=off
[1980-01-01 00:46:38.78] Required DIP mask=1a3h; VPP MUST remain off
[1980-01-01 00:46:38.78] DIP number:  1  2  3  4  5  6  7  8  9 10 11 12
[1980-01-01 00:46:38.83] DIP ON :   [X][X][ ][ ][ ][X][ ][X][X][ ][ ][ ]
[1980-01-01 00:46:38.83] DIP OFF:   [ ][ ][X][X][X][ ][X][ ][ ][X][X][X]
[1980-01-01 00:46:38.89] Set each numbered lever toward the row containing X
[1980-01-01 00:46:38.89] ZIF pair: lever/notch -> [--][--][--][--][1/24] ... [12/13]
[1980-01-01 00:46:38.94] Leave FOUR rows empty at lever end; place chip at far end
[1980-01-01 00:46:38.94] Use SPECIAL 2716 route; notch faces empty rows and lever
[1980-01-01 00:46:39.00] Initial raw DATA=00 STATUS=7f CONTROL=0b
[1980-01-01 00:46:39.00] Power transition: enabling VCC, VPP off
[1980-01-01 00:46:46.03] Scan progress: 512/2048 bytes
[1980-01-01 00:46:53.00] Scan progress: 1024/2048 bytes
[1980-01-01 00:47:00.03] Scan progress: 1536/2048 bytes
[1980-01-01 00:47:07.01] Scan progress: 2048/2048 bytes
[1980-01-01 00:47:07.07] DOSRAVI_METRIC read_ms=28050 profile=conservative
[1980-01-01 00:47:07.07] Power transition: safe shutdown begins
[1980-01-01 00:47:07.12] Safe shutdown complete: VCC off, VPP off
[1980-01-01 00:47:07.39] Read complete: bytes=2048 CRC16-CCITT=33d7
[1980-01-01 00:47:07.39] Result code=0
[1980-01-01 00:47:07.45] ================= END RUN =================
[1980-01-01 00:48:26.10] ================ BEGIN RUN ================
[1980-01-01 00:48:26.16] Willem V30 version 0.2.0-dev; 8086-compatible; 24-bit address build
[1980-01-01 00:48:26.16] Command-line argc=5
[1980-01-01 00:48:26.16] argv[0]=<C>
[1980-01-01 00:48:26.21] argv[1]=<RRF5>
[1980-01-01 00:48:26.21] argv[2]=<RF208A.BIN>
[1980-01-01 00:48:26.21] argv[3]=<378>
[1980-01-01 00:48:26.27] argv[4]=</PROFILE:conservative>
[1980-01-01 00:48:26.32] DOSRAVI_PROFILE name=conservative address_setup_us=4 oe_settle_us=4 input_latch_us=4 input_clock_us=4 power_on_ms=5 build_id=dosravi-m2764a-write-v1
[1980-01-01 00:48:26.38] Operation=READ device=K573RF5/2716 image=RF208A.BIN LPT=378h trace=off
[1980-01-01 00:48:26.38] Required DIP mask=1a3h; VPP MUST remain off
[1980-01-01 00:48:26.43] DIP number:  1  2  3  4  5  6  7  8  9 10 11 12
[1980-01-01 00:48:26.43] DIP ON :   [X][X][ ][ ][ ][X][ ][X][X][ ][ ][ ]
[1980-01-01 00:48:26.43] DIP OFF:   [ ][ ][X][X][X][ ][X][ ][ ][X][X][X]
[1980-01-01 00:48:26.49] Set each numbered lever toward the row containing X
[1980-01-01 00:48:26.49] ZIF pair: lever/notch -> [--][--][--][--][1/24] ... [12/13]
[1980-01-01 00:48:26.54] Leave FOUR rows empty at lever end; place chip at far end
[1980-01-01 00:48:26.54] Use SPECIAL 2716 route; notch faces empty rows and lever
[1980-01-01 00:48:26.65] Initial raw DATA=00 STATUS=77 CONTROL=0b
[1980-01-01 00:48:26.65] Power transition: enabling VCC, VPP off
[1980-01-01 00:48:33.68] Scan progress: 512/2048 bytes
[1980-01-01 00:48:40.66] Scan progress: 1024/2048 bytes
[1980-01-01 00:48:47.69] Scan progress: 1536/2048 bytes
[1980-01-01 00:48:54.66] Scan progress: 2048/2048 bytes
[1980-01-01 00:48:54.66] DOSRAVI_METRIC read_ms=28050 profile=conservative
[1980-01-01 00:48:54.72] Power transition: safe shutdown begins
[1980-01-01 00:48:54.77] Safe shutdown complete: VCC off, VPP off
[1980-01-01 00:48:55.05] Read complete: bytes=2048 CRC16-CCITT=33d7
[1980-01-01 00:48:55.05] Result code=0
[1980-01-01 00:48:55.05] ================= END RUN =================
[1980-01-01 00:49:29.49] ================ BEGIN RUN ================
[1980-01-01 00:49:29.54] Willem V30 version 0.2.0-dev; 8086-compatible; 24-bit address build
[1980-01-01 00:49:29.54] Command-line argc=5
[1980-01-01 00:49:29.54] argv[0]=<C>
[1980-01-01 00:49:29.60] argv[1]=<RRF5>
[1980-01-01 00:49:29.60] argv[2]=<RF208B.BIN>
[1980-01-01 00:49:29.60] argv[3]=<378>
[1980-01-01 00:49:29.65] argv[4]=</PROFILE:conservative>
[1980-01-01 00:49:29.71] DOSRAVI_PROFILE name=conservative address_setup_us=4 oe_settle_us=4 input_latch_us=4 input_clock_us=4 power_on_ms=5 build_id=dosravi-m2764a-write-v1
[1980-01-01 00:49:29.76] Operation=READ device=K573RF5/2716 image=RF208B.BIN LPT=378h trace=off
[1980-01-01 00:49:29.76] Required DIP mask=1a3h; VPP MUST remain off
[1980-01-01 00:49:29.82] DIP number:  1  2  3  4  5  6  7  8  9 10 11 12
[1980-01-01 00:49:29.82] DIP ON :   [X][X][ ][ ][ ][X][ ][X][X][ ][ ][ ]
[1980-01-01 00:49:29.87] DIP OFF:   [ ][ ][X][X][X][ ][X][ ][ ][X][X][X]
[1980-01-01 00:49:29.87] Set each numbered lever toward the row containing X
[1980-01-01 00:49:29.87] ZIF pair: lever/notch -> [--][--][--][--][1/24] ... [12/13]
[1980-01-01 00:49:29.93] Leave FOUR rows empty at lever end; place chip at far end
[1980-01-01 00:49:29.93] Use SPECIAL 2716 route; notch faces empty rows and lever
[1980-01-01 00:49:29.98] Initial raw DATA=00 STATUS=77 CONTROL=0b
[1980-01-01 00:49:29.98] Power transition: enabling VCC, VPP off
[1980-01-01 00:49:37.01] Scan progress: 512/2048 bytes
[1980-01-01 00:49:43.99] Scan progress: 1024/2048 bytes
[1980-01-01 00:49:51.02] Scan progress: 1536/2048 bytes
[1980-01-01 00:49:57.99] Scan progress: 2048/2048 bytes
[1980-01-01 00:49:58.05] DOSRAVI_METRIC read_ms=28050 profile=conservative
[1980-01-01 00:49:58.05] Power transition: safe shutdown begins
[1980-01-01 00:49:58.10] Safe shutdown complete: VCC off, VPP off
[1980-01-01 00:49:58.43] Read complete: bytes=2048 CRC16-CCITT=33d7
[1980-01-01 00:49:58.49] Result code=0
[1980-01-01 00:49:58.49] ================= END RUN =================
[1980-01-01 00:51:28.46] ================ BEGIN RUN ================
[1980-01-01 00:51:28.46] Willem V30 version 0.2.0-dev; 8086-compatible; 24-bit address build
[1980-01-01 00:51:28.51] Command-line argc=5
[1980-01-01 00:51:28.51] argv[0]=<C>
[1980-01-01 00:51:28.51] argv[1]=<RRF5>
[1980-01-01 00:51:28.51] argv[2]=<RF209A.BIN>
[1980-01-01 00:51:28.57] argv[3]=<378>
[1980-01-01 00:51:28.57] argv[4]=</PROFILE:conservative>
[1980-01-01 00:51:28.62] DOSRAVI_PROFILE name=conservative address_setup_us=4 oe_settle_us=4 input_latch_us=4 input_clock_us=4 power_on_ms=5 build_id=dosravi-m2764a-write-v1
[1980-01-01 00:51:28.68] Operation=READ device=K573RF5/2716 image=RF209A.BIN LPT=378h trace=off
[1980-01-01 00:51:28.73] Required DIP mask=1a3h; VPP MUST remain off
[1980-01-01 00:51:28.73] DIP number:  1  2  3  4  5  6  7  8  9 10 11 12
[1980-01-01 00:51:28.79] DIP ON :   [X][X][ ][ ][ ][X][ ][X][X][ ][ ][ ]
[1980-01-01 00:51:28.79] DIP OFF:   [ ][ ][X][X][X][ ][X][ ][ ][X][X][X]
[1980-01-01 00:51:28.79] Set each numbered lever toward the row containing X
[1980-01-01 00:51:28.84] ZIF pair: lever/notch -> [--][--][--][--][1/24] ... [12/13]
[1980-01-01 00:51:28.84] Leave FOUR rows empty at lever end; place chip at far end
[1980-01-01 00:51:28.89] Use SPECIAL 2716 route; notch faces empty rows and lever
[1980-01-01 00:51:28.89] Initial raw DATA=00 STATUS=77 CONTROL=0b
[1980-01-01 00:51:28.95] Power transition: enabling VCC, VPP off
[1980-01-01 00:51:35.93] Scan progress: 512/2048 bytes
[1980-01-01 00:51:42.96] Scan progress: 1024/2048 bytes
[1980-01-01 00:51:49.93] Scan progress: 1536/2048 bytes
[1980-01-01 00:51:56.96] Scan progress: 2048/2048 bytes
[1980-01-01 00:51:56.96] DOSRAVI_METRIC read_ms=28050 profile=conservative
[1980-01-01 00:51:57.02] Power transition: safe shutdown begins
[1980-01-01 00:51:57.02] Safe shutdown complete: VCC off, VPP off
[1980-01-01 00:51:57.35] Read complete: bytes=2048 CRC16-CCITT=33d7
[1980-01-01 00:51:57.35] Result code=0
[1980-01-01 00:51:57.35] ================= END RUN =================
[1980-01-01 00:52:32.77] ================ BEGIN RUN ================
[1980-01-01 00:52:32.83] Willem V30 version 0.2.0-dev; 8086-compatible; 24-bit address build
[1980-01-01 00:52:32.83] Command-line argc=5
[1980-01-01 00:52:32.88] argv[0]=<C>
[1980-01-01 00:52:32.88] argv[1]=<RRF5>
[1980-01-01 00:52:32.88] argv[2]=<RF209B.BIN>
[1980-01-01 00:52:32.94] argv[3]=<378>
[1980-01-01 00:52:32.94] argv[4]=</PROFILE:conservative>
[1980-01-01 00:52:33.05] DOSRAVI_PROFILE name=conservative address_setup_us=4 oe_settle_us=4 input_latch_us=4 input_clock_us=4 power_on_ms=5 build_id=dosravi-m2764a-write-v1
[1980-01-01 00:52:33.10] Operation=READ device=K573RF5/2716 image=RF209B.BIN LPT=378h trace=off
[1980-01-01 00:52:33.10] Required DIP mask=1a3h; VPP MUST remain off
[1980-01-01 00:52:33.16] DIP number:  1  2  3  4  5  6  7  8  9 10 11 12
[1980-01-01 00:52:33.16] DIP ON :   [X][X][ ][ ][ ][X][ ][X][X][ ][ ][ ]
[1980-01-01 00:52:33.21] DIP OFF:   [ ][ ][X][X][X][ ][X][ ][ ][X][X][X]
[1980-01-01 00:52:33.21] Set each numbered lever toward the row containing X
[1980-01-01 00:52:33.27] ZIF pair: lever/notch -> [--][--][--][--][1/24] ... [12/13]
[1980-01-01 00:52:33.27] Leave FOUR rows empty at lever end; place chip at far end
[1980-01-01 00:52:33.32] Use SPECIAL 2716 route; notch faces empty rows and lever
[1980-01-01 00:52:33.32] Initial raw DATA=00 STATUS=77 CONTROL=0b
[1980-01-01 00:52:33.38] Power transition: enabling VCC, VPP off
[1980-01-01 00:52:40.35] Scan progress: 512/2048 bytes
[1980-01-01 00:52:47.38] Scan progress: 1024/2048 bytes
[1980-01-01 00:52:54.36] Scan progress: 1536/2048 bytes
[1980-01-01 00:53:01.39] Scan progress: 2048/2048 bytes
[1980-01-01 00:53:01.39] DOSRAVI_METRIC read_ms=28050 profile=conservative
[1980-01-01 00:53:01.44] Power transition: safe shutdown begins
[1980-01-01 00:53:01.44] Safe shutdown complete: VCC off, VPP off
[1980-01-01 00:53:01.72] Read complete: bytes=2048 CRC16-CCITT=33d7
[1980-01-01 00:53:01.77] Result code=0
[1980-01-01 00:53:01.77] ================= END RUN =================
[1980-01-01 00:54:21.36] ================ BEGIN RUN ================
[1980-01-01 00:54:21.42] Willem V30 version 0.2.0-dev; 8086-compatible; 24-bit address build
[1980-01-01 00:54:21.42] Command-line argc=5
[1980-01-01 00:54:21.42] argv[0]=<C>
[1980-01-01 00:54:21.47] argv[1]=<RRF5>
[1980-01-01 00:54:21.47] argv[2]=<RF510A.BIN>
[1980-01-01 00:54:21.47] argv[3]=<378>
[1980-01-01 00:54:21.53] argv[4]=</PROFILE:conservative>
[1980-01-01 00:54:21.58] DOSRAVI_PROFILE name=conservative address_setup_us=4 oe_settle_us=4 input_latch_us=4 input_clock_us=4 power_on_ms=5 build_id=dosravi-m2764a-write-v1
[1980-01-01 00:54:21.64] Operation=READ device=K573RF5/2716 image=RF510A.BIN LPT=378h trace=off
[1980-01-01 00:54:21.64] Required DIP mask=1a3h; VPP MUST remain off
[1980-01-01 00:54:21.69] DIP number:  1  2  3  4  5  6  7  8  9 10 11 12
[1980-01-01 00:54:21.69] DIP ON :   [X][X][ ][ ][ ][X][ ][X][X][ ][ ][ ]
[1980-01-01 00:54:21.69] DIP OFF:   [ ][ ][X][X][X][ ][X][ ][ ][X][X][X]
[1980-01-01 00:54:21.75] Set each numbered lever toward the row containing X
[1980-01-01 00:54:21.75] ZIF pair: lever/notch -> [--][--][--][--][1/24] ... [12/13]
[1980-01-01 00:54:21.80] Leave FOUR rows empty at lever end; place chip at far end
[1980-01-01 00:54:21.80] Use SPECIAL 2716 route; notch faces empty rows and lever
[1980-01-01 00:54:21.91] Initial raw DATA=00 STATUS=77 CONTROL=0b
[1980-01-01 00:54:21.91] Power transition: enabling VCC, VPP off
[1980-01-01 00:54:28.89] Scan progress: 512/2048 bytes
[1980-01-01 00:54:35.92] Scan progress: 1024/2048 bytes
[1980-01-01 00:54:42.89] Scan progress: 1536/2048 bytes
[1980-01-01 00:54:49.92] Scan progress: 2048/2048 bytes
[1980-01-01 00:54:49.92] DOSRAVI_METRIC read_ms=28050 profile=conservative
[1980-01-01 00:54:49.92] Power transition: safe shutdown begins
[1980-01-01 00:54:49.98] Safe shutdown complete: VCC off, VPP off
[1980-01-01 00:54:50.25] Read complete: bytes=2048 CRC16-CCITT=ecb4
[1980-01-01 00:54:50.31] Result code=0
[1980-01-01 00:54:50.31] ================= END RUN =================
