11420050-00_4431.d73 WRONG CHECKSUMS:
    EXPECTED: CRC(e7a9c982) SHA1(60c2eb769bd6051b4acaf38750ef40b9d02c568c)
       FOUND: CRC(dcf41d0c) SHA1(f00c50b8439a6963300a6a03619f0e41df5556b8)
11420060-00_4431.d74 WRONG CHECKSUMS:
    EXPECTED: CRC(e9703cf0) SHA1(9eef6d4f0b57a6430a034f9405d4d8279723e2a0)
       FOUND: CRC(dcf41d0c) SHA1(f00c50b8439a6963300a6a03619f0e41df5556b8)
11420070-00_4431.d75 WRONG CHECKSUMS:
    EXPECTED: CRC(a0d5b59e) SHA1(fca5b25163d942ec688d82004253850a3e08b0af)
       FOUND: CRC(dcf41d0c) SHA1(f00c50b8439a6963300a6a03619f0e41df5556b8)
11419840-00_cg30.d40 WRONG CHECKSUMS:
    EXPECTED: CRC(d2988792) SHA1(bc3b59882c351fb503371e358e396e7d683c9467)
       FOUND: CRC(f1e8ba9e) SHA1(605db3fdbaff4ba13729371ad0c4fbab3889378e)
11419950-00_4431.d57 WRONG CHECKSUMS:
    EXPECTED: CRC(066dc6bd) SHA1(1ad17c9ec96544278d9f8494c19b4b3bce8e3a8e)
       FOUND: CRC(f1e8ba9e) SHA1(605db3fdbaff4ba13729371ad0c4fbab3889378e)
11419960-00_4431.d19 WRONG CHECKSUMS:
    EXPECTED: CRC(daae0c28) SHA1(58c55b8b9d4161a9d38259a4375cf19799ea0b7a)
       FOUND: CRC(190a55ad) SHA1(de8a847bff8c343d69b853a215e6ee775ef2ef96)
earom.d63 WRONG CHECKSUMS:
    EXPECTED: CRC(f14db754) SHA1(904e26974fbe7fe9166b731850bf414d8ffbe75d)
       FOUND: CRC(c971a876) SHA1(c45d01b195decd87a0bf097784fba6734005b8ea)
11419660-00_kb31.u3 WRONG CHECKSUMS:
    EXPECTED: CRC(45b90749) SHA1(91d0ef181fe05e9474871e26dc75c313cb67c337)
       FOUND: CRC(7ab50d44) SHA1(d1be9d741cfce62edd53f64fd4c1ac2dab78e932)
WARNING: the machine might not run correctly.
Average speed: 106.81% (3 seconds)
