[1980-01-01 00:07:46.37] ================ BEGIN RUN ================
[1980-01-01 00:07:46.37] Willem V30 version 0.2.0-dev; 8086-compatible; 24-bit address build
[1980-01-01 00:07:46.42] Command-line argc=5
[1980-01-01 00:07:46.42] argv[0]=<C>
[1980-01-01 00:07:46.42] argv[1]=<R2764>
[1980-01-01 00:07:46.48] argv[2]=<U01B.BIN>
[1980-01-01 00:07:46.48] argv[3]=<378>
[1980-01-01 00:07:46.48] argv[4]=</PROFILE:conservative>
[1980-01-01 00:07:46.53] DOSRAVI_PROFILE name=conservative address_setup_us=4 oe_settle_us=4 input_latch_us=4 input_clock_us=4 power_on_ms=5 build_id=dosravi-m2764a-write-v1
[1980-01-01 00:07:46.59] Operation=READ device=2764/27C64 image=U01B.BIN LPT=378h trace=off
[1980-01-01 00:07:46.64] Required DIP mask=12bh; VPP MUST remain off
[1980-01-01 00:07:46.70] DIP number:  1  2  3  4  5  6  7  8  9 10 11 12
[1980-01-01 00:07:46.70] DIP ON :   [X][X][ ][X][ ][X][ ][ ][X][ ][ ][ ]
[1980-01-01 00:07:46.70] DIP OFF:   [ ][ ][X][ ][X][ ][X][X][ ][X][X][X]
[1980-01-01 00:07:46.75] Set each numbered lever toward the row containing X
[1980-01-01 00:07:46.75] ZIF pair: lever/notch -> [--][--][1/28] ... [14/15] <- far end
[1980-01-01 00:07:46.81] Leave TWO complete rows empty at lever end; do NOT center chip
[1980-01-01 00:07:46.81] Place chip against far end; notch faces empty rows and lever
[1980-01-01 00:07:46.86] Initial raw DATA=00 STATUS=77 CONTROL=0b
[1980-01-01 00:07:46.86] Power transition: enabling VCC, VPP off
[1980-01-01 00:07:53.89] Scan progress: 512/8192 bytes
[1980-01-01 00:08:00.87] Scan progress: 1024/8192 bytes
[1980-01-01 00:08:07.90] Scan progress: 1536/8192 bytes
[1980-01-01 00:08:14.87] Scan progress: 2048/8192 bytes
[1980-01-01 00:08:21.85] Scan progress: 2560/8192 bytes
[1980-01-01 00:08:28.88] Scan progress: 3072/8192 bytes
[1980-01-01 00:08:35.86] Scan progress: 3584/8192 bytes
[1980-01-01 00:08:42.83] Scan progress: 4096/8192 bytes
[1980-01-01 00:08:49.86] Scan progress: 4608/8192 bytes
[1980-01-01 00:08:56.84] Scan progress: 5120/8192 bytes
[1980-01-01 00:09:03.81] Scan progress: 5632/8192 bytes
[1980-01-01 00:09:10.84] Scan progress: 6144/8192 bytes
[1980-01-01 00:09:17.82] Scan progress: 6656/8192 bytes
[1980-01-01 00:09:24.79] Scan progress: 7168/8192 bytes
[1980-01-01 00:09:31.77] Scan progress: 7680/8192 bytes
[1980-01-01 00:09:38.80] Scan progress: 8192/8192 bytes
[1980-01-01 00:09:38.80] DOSRAVI_METRIC read_ms=112035 profile=conservative
[1980-01-01 00:09:38.85] Power transition: safe shutdown begins
[1980-01-01 00:09:38.85] Safe shutdown complete: VCC off, VPP off
[1980-01-01 00:09:39.90] Read complete: bytes=8192 CRC16-CCITT=7557
[1980-01-01 00:09:39.95] Result code=0
[1980-01-01 00:09:39.95] ================= END RUN =================
