[1980-01-01 00:13:50.91] ================ BEGIN RUN ================
[1980-01-01 00:13:50.91] Willem V30 version 0.2.0-dev; 8086-compatible; 24-bit address build
[1980-01-01 00:13:50.96] Command-line argc=5
[1980-01-01 00:13:50.96] argv[0]=<C>
[1980-01-01 00:13:50.96] argv[1]=<R2764>
[1980-01-01 00:13:51.02] argv[2]=<U02A.BIN>
[1980-01-01 00:13:51.02] argv[3]=<378>
[1980-01-01 00:13:51.02] argv[4]=</PROFILE:conservative>
[1980-01-01 00:13:51.07] DOSRAVI_PROFILE name=conservative address_setup_us=4 oe_settle_us=4 input_latch_us=4 input_clock_us=4 power_on_ms=5 build_id=dosravi-m2764a-write-v1
[1980-01-01 00:13:51.13] Operation=READ device=2764/27C64 image=U02A.BIN LPT=378h trace=off
[1980-01-01 00:13:51.18] Required DIP mask=12bh; VPP MUST remain off
[1980-01-01 00:13:51.24] DIP number:  1  2  3  4  5  6  7  8  9 10 11 12
[1980-01-01 00:13:51.24] DIP ON :   [X][X][ ][X][ ][X][ ][ ][X][ ][ ][ ]
[1980-01-01 00:13:51.29] DIP OFF:   [ ][ ][X][ ][X][ ][X][X][ ][X][X][X]
[1980-01-01 00:13:51.29] Set each numbered lever toward the row containing X
[1980-01-01 00:13:51.35] ZIF pair: lever/notch -> [--][--][1/28] ... [14/15] <- far end
[1980-01-01 00:13:51.35] Leave TWO complete rows empty at lever end; do NOT center chip
[1980-01-01 00:13:51.40] Place chip against far end; notch faces empty rows and lever
[1980-01-01 00:13:51.40] Initial raw DATA=00 STATUS=7f CONTROL=0b
[1980-01-01 00:13:51.46] Power transition: enabling VCC, VPP off
[1980-01-01 00:13:58.43] Scan progress: 512/8192 bytes
[1980-01-01 00:14:05.41] Scan progress: 1024/8192 bytes
[1980-01-01 00:14:12.44] Scan progress: 1536/8192 bytes
[1980-01-01 00:14:19.41] Scan progress: 2048/8192 bytes
[1980-01-01 00:14:26.39] Scan progress: 2560/8192 bytes
[1980-01-01 00:14:33.42] Scan progress: 3072/8192 bytes
[1980-01-01 00:14:40.40] Scan progress: 3584/8192 bytes
[1980-01-01 00:14:47.43] Scan progress: 4096/8192 bytes
[1980-01-01 00:14:54.40] Scan progress: 4608/8192 bytes
[1980-01-01 00:15:01.38] Scan progress: 5120/8192 bytes
[1980-01-01 00:15:08.41] Scan progress: 5632/8192 bytes
[1980-01-01 00:15:15.38] Scan progress: 6144/8192 bytes
[1980-01-01 00:15:22.36] Scan progress: 6656/8192 bytes
[1980-01-01 00:15:29.33] Scan progress: 7168/8192 bytes
[1980-01-01 00:15:36.36] Scan progress: 7680/8192 bytes
[1980-01-01 00:15:43.34] Scan progress: 8192/8192 bytes
[1980-01-01 00:15:43.34] DOSRAVI_METRIC read_ms=112035 profile=conservative
[1980-01-01 00:15:43.40] Power transition: safe shutdown begins
[1980-01-01 00:15:43.40] Safe shutdown complete: VCC off, VPP off
[1980-01-01 00:15:44.44] Read complete: bytes=8192 CRC16-CCITT=8845
[1980-01-01 00:15:44.49] Result code=0
[1980-01-01 00:15:44.49] ================= END RUN =================
