[1980-01-01 04:39:00.08] ================ BEGIN RUN ================
[1980-01-01 04:39:00.08] Willem V30 version 0.2.0-dev; 8086-compatible; 24-bit address build
[1980-01-01 04:39:00.13] Command-line argc=5
[1980-01-01 04:39:00.13] argv[0]=<C>
[1980-01-01 04:39:00.13] argv[1]=<R27512>
[1980-01-01 04:39:00.13] argv[2]=<AW486A.BIN>
[1980-01-01 04:39:00.19] argv[3]=<378>
[1980-01-01 04:39:00.19] argv[4]=</PROFILE:conservative>
[1980-01-01 04:39:00.30] DOSRAVI_PROFILE name=conservative address_setup_us=4 oe_settle_us=4 input_latch_us=4 input_clock_us=4 power_on_ms=5 build_id=dosravi-27512-read-v1
[1980-01-01 04:39:00.35] Operation=READ device=27512/27C512 image=AW486A.BIN LPT=378h trace=off
[1980-01-01 04:39:00.35] Required DIP mask=1d4h; VPP MUST remain off
[1980-01-01 04:39:00.41] DIP number:  1  2  3  4  5  6  7  8  9 10 11 12
[1980-01-01 04:39:00.41] DIP ON :   [ ][ ][X][ ][X][ ][X][X][X][ ][ ][ ]
[1980-01-01 04:39:00.46] DIP OFF:   [X][X][ ][X][ ][X][ ][ ][ ][X][X][X]
[1980-01-01 04:39:00.46] Set each numbered lever toward the row containing X
[1980-01-01 04:39:00.52] ZIF pair: lever/notch -> [--][--][1/28] ... [14/15] <- far end
[1980-01-01 04:39:00.52] Leave TWO complete rows empty at lever end; do NOT center chip
[1980-01-01 04:39:00.57] Place chip against far end; notch faces empty rows and lever
[1980-01-01 04:39:00.57] Initial raw DATA=00 STATUS=7f CONTROL=0b
[1980-01-01 04:39:00.57] Power transition: enabling VCC, VPP off
[1980-01-01 04:40:53.17] Scan progress: 8192/65536 bytes
[1980-01-01 04:42:45.77] Scan progress: 16384/65536 bytes
[1980-01-01 04:44:38.31] Scan progress: 24576/65536 bytes
[1980-01-01 04:46:30.80] Scan progress: 32768/65536 bytes
[1980-01-01 04:48:23.28] Scan progress: 40960/65536 bytes
[1980-01-01 04:50:15.77] Scan progress: 49152/65536 bytes
[1980-01-01 04:52:08.26] Scan progress: 57344/65536 bytes
[1980-01-01 04:54:00.69] Scan progress: 65536/65536 bytes
[1980-01-01 04:54:00.75] DOSRAVI_METRIC read_ms=901395 profile=conservative includes_chunk_io=1
[1980-01-01 04:54:00.75] Power transition: safe shutdown begins
[1980-01-01 04:54:00.80] Safe shutdown complete: VCC off, VPP off
[1980-01-01 04:54:00.80] Read complete: bytes=65536 CRC16-CCITT=39af
[1980-01-01 04:54:00.91] Result code=0
[1980-01-01 04:54:00.91] ================= END RUN =================
