[1980-01-01 00:04:55.99] ================ BEGIN RUN ================
[1980-01-01 00:04:56.04] Willem V30 version 0.2.0-dev; 8086-compatible; 24-bit address build
[1980-01-01 00:04:56.04] Command-line argc=5
[1980-01-01 00:04:56.04] argv[0]=<C>
[1980-01-01 00:04:56.10] argv[1]=<R2764>
[1980-01-01 00:04:56.10] argv[2]=<U01A.BIN>
[1980-01-01 00:04:56.15] argv[3]=<378>
[1980-01-01 00:04:56.15] argv[4]=</PROFILE:conservative>
[1980-01-01 00:04:56.32] DOSRAVI_PROFILE name=conservative address_setup_us=4 oe_settle_us=4 input_latch_us=4 input_clock_us=4 power_on_ms=5 build_id=dosravi-m2764a-write-v1
[1980-01-01 00:04:56.37] Operation=READ device=2764/27C64 image=U01A.BIN LPT=378h trace=off
[1980-01-01 00:04:56.37] Required DIP mask=12bh; VPP MUST remain off
[1980-01-01 00:04:56.43] DIP number:  1  2  3  4  5  6  7  8  9 10 11 12
[1980-01-01 00:04:56.43] DIP ON :   [X][X][ ][X][ ][X][ ][ ][X][ ][ ][ ]
[1980-01-01 00:04:56.48] DIP OFF:   [ ][ ][X][ ][X][ ][X][X][ ][X][X][X]
[1980-01-01 00:04:56.48] Set each numbered lever toward the row containing X
[1980-01-01 00:04:56.54] ZIF pair: lever/notch -> [--][--][1/28] ... [14/15] <- far end
[1980-01-01 00:04:56.54] Leave TWO complete rows empty at lever end; do NOT center chip
[1980-01-01 00:04:56.59] Place chip against far end; notch faces empty rows and lever
[1980-01-01 00:04:56.59] Initial raw DATA=00 STATUS=7f CONTROL=0b
[1980-01-01 00:04:56.65] Power transition: enabling VCC, VPP off
[1980-01-01 00:05:03.62] Scan progress: 512/8192 bytes
[1980-01-01 00:05:10.60] Scan progress: 1024/8192 bytes
[1980-01-01 00:05:17.63] Scan progress: 1536/8192 bytes
[1980-01-01 00:05:24.60] Scan progress: 2048/8192 bytes
[1980-01-01 00:05:31.64] Scan progress: 2560/8192 bytes
[1980-01-01 00:05:38.61] Scan progress: 3072/8192 bytes
[1980-01-01 00:05:45.59] Scan progress: 3584/8192 bytes
[1980-01-01 00:05:52.62] Scan progress: 4096/8192 bytes
[1980-01-01 00:05:59.59] Scan progress: 4608/8192 bytes
[1980-01-01 00:06:06.57] Scan progress: 5120/8192 bytes
[1980-01-01 00:06:13.60] Scan progress: 5632/8192 bytes
[1980-01-01 00:06:20.57] Scan progress: 6144/8192 bytes
[1980-01-01 00:06:27.55] Scan progress: 6656/8192 bytes
[1980-01-01 00:06:34.52] Scan progress: 7168/8192 bytes
[1980-01-01 00:06:41.56] Scan progress: 7680/8192 bytes
[1980-01-01 00:06:48.53] Scan progress: 8192/8192 bytes
[1980-01-01 00:06:48.53] DOSRAVI_METRIC read_ms=112035 profile=conservative
[1980-01-01 00:06:48.59] Power transition: safe shutdown begins
[1980-01-01 00:06:48.59] Safe shutdown complete: VCC off, VPP off
[1980-01-01 00:06:49.68] Read complete: bytes=8192 CRC16-CCITT=7557
[1980-01-01 00:06:49.68] Result code=0
[1980-01-01 00:06:49.74] ================= END RUN =================
