Archived full WILLEM.LOG as WILL0008.LOG
[1980-01-01 00:16:34.64] ================ BEGIN RUN ================
[1980-01-01 00:16:34.70] Willem V30 version 0.2.0-dev; 8086-compatible; 24-bit address build
[1980-01-01 00:16:34.70] Command-line argc=5
[1980-01-01 00:16:34.70] argv[0]=<C>
[1980-01-01 00:16:34.75] argv[1]=<R2764>
[1980-01-01 00:16:34.75] argv[2]=<U02B.BIN>
[1980-01-01 00:16:34.75] argv[3]=<378>
[1980-01-01 00:16:34.81] argv[4]=</PROFILE:conservative>
[1980-01-01 00:16:34.86] DOSRAVI_PROFILE name=conservative address_setup_us=4 oe_settle_us=4 input_latch_us=4 input_clock_us=4 power_on_ms=5 build_id=dosravi-m2764a-write-v1
[1980-01-01 00:16:34.92] Operation=READ device=2764/27C64 image=U02B.BIN LPT=378h trace=off
[1980-01-01 00:16:34.92] Required DIP mask=12bh; VPP MUST remain off
[1980-01-01 00:16:34.97] DIP number:  1  2  3  4  5  6  7  8  9 10 11 12
[1980-01-01 00:16:34.97] DIP ON :   [X][X][ ][X][ ][X][ ][ ][X][ ][ ][ ]
[1980-01-01 00:16:34.97] DIP OFF:   [ ][ ][X][ ][X][ ][X][X][ ][X][X][X]
[1980-01-01 00:16:35.03] Set each numbered lever toward the row containing X
[1980-01-01 00:16:35.03] ZIF pair: lever/notch -> [--][--][1/28] ... [14/15] <- far end
[1980-01-01 00:16:35.08] Leave TWO complete rows empty at lever end; do NOT center chip
[1980-01-01 00:16:35.08] Place chip against far end; notch faces empty rows and lever
[1980-01-01 00:16:35.14] Initial raw DATA=00 STATUS=77 CONTROL=0b
[1980-01-01 00:16:35.14] Power transition: enabling VCC, VPP off
[1980-01-01 00:16:42.17] Scan progress: 512/8192 bytes
[1980-01-01 00:16:49.14] Scan progress: 1024/8192 bytes
[1980-01-01 00:16:56.17] Scan progress: 1536/8192 bytes
[1980-01-01 00:17:03.15] Scan progress: 2048/8192 bytes
[1980-01-01 00:17:10.12] Scan progress: 2560/8192 bytes
[1980-01-01 00:17:17.15] Scan progress: 3072/8192 bytes
[1980-01-01 00:17:24.13] Scan progress: 3584/8192 bytes
[1980-01-01 00:17:31.10] Scan progress: 4096/8192 bytes
[1980-01-01 00:17:38.13] Scan progress: 4608/8192 bytes
[1980-01-01 00:17:45.11] Scan progress: 5120/8192 bytes
[1980-01-01 00:17:52.09] Scan progress: 5632/8192 bytes
[1980-01-01 00:17:59.12] Scan progress: 6144/8192 bytes
[1980-01-01 00:18:06.09] Scan progress: 6656/8192 bytes
[1980-01-01 00:18:13.07] Scan progress: 7168/8192 bytes
[1980-01-01 00:18:20.04] Scan progress: 7680/8192 bytes
[1980-01-01 00:18:27.07] Scan progress: 8192/8192 bytes
[1980-01-01 00:18:27.07] DOSRAVI_METRIC read_ms=112035 profile=conservative
[1980-01-01 00:18:27.13] Power transition: safe shutdown begins
[1980-01-01 00:18:27.13] Safe shutdown complete: VCC off, VPP off
[1980-01-01 00:18:28.23] Read complete: bytes=8192 CRC16-CCITT=8845
[1980-01-01 00:18:28.23] Result code=0
[1980-01-01 00:18:28.28] ================= END RUN =================
