[1980-01-01 03:36:57.72] ================ BEGIN RUN ================
[1980-01-01 03:36:57.78] Willem V30 version 0.2.0-dev; 8086-compatible; 24-bit address build
[1980-01-01 03:36:57.78] Command-line argc=5
[1980-01-01 03:36:57.83] argv[0]=<C>
[1980-01-01 03:36:57.83] argv[1]=<R27256>
[1980-01-01 03:36:57.83] argv[2]=<E256V2A.BIN>
[1980-01-01 03:36:57.89] argv[3]=<378>
[1980-01-01 03:36:57.89] argv[4]=</PROFILE:conservative>
[1980-01-01 03:36:58.00] DOSRAVI_PROFILE name=conservative address_setup_us=4 oe_settle_us=4 input_latch_us=4 input_clock_us=4 power_on_ms=5 build_id=dosravi-27256-ce-fix-v2
[1980-01-01 03:36:58.05] Operation=READ device=27256/27C256 image=E256V2A.BIN LPT=378h trace=off
[1980-01-01 03:36:58.05] Required DIP mask=1b3h; VPP MUST remain off
[1980-01-01 03:36:58.11] DIP number:  1  2  3  4  5  6  7  8  9 10 11 12
[1980-01-01 03:36:58.11] DIP ON :   [X][X][ ][ ][X][X][ ][X][X][ ][ ][ ]
[1980-01-01 03:36:58.11] DIP OFF:   [ ][ ][X][X][ ][ ][X][ ][ ][X][X][X]
[1980-01-01 03:36:58.16] Set each numbered lever toward the row containing X
[1980-01-01 03:36:58.16] ZIF pair: lever/notch -> [--][--][1/28] ... [14/15] <- far end
[1980-01-01 03:36:58.22] Leave TWO complete rows empty at lever end; do NOT center chip
[1980-01-01 03:36:58.27] Place chip against far end; notch faces empty rows and lever
[1980-01-01 03:36:58.27] Initial raw DATA=00 STATUS=77 CONTROL=0b
[1980-01-01 03:36:58.27] Power transition: enabling VCC, VPP off
[1980-01-01 03:37:05.30] Scan progress: 512/32768 bytes
[1980-01-01 03:37:12.28] Scan progress: 1024/32768 bytes
[1980-01-01 03:37:19.31] Scan progress: 1536/32768 bytes
[1980-01-01 03:37:26.34] Scan progress: 2048/32768 bytes
[1980-01-01 03:37:33.31] Scan progress: 2560/32768 bytes
[1980-01-01 03:37:40.34] Scan progress: 3072/32768 bytes
[1980-01-01 03:37:47.32] Scan progress: 3584/32768 bytes
[1980-01-01 03:37:54.35] Scan progress: 4096/32768 bytes
[1980-01-01 03:38:01.33] Scan progress: 4608/32768 bytes
[1980-01-01 03:38:08.30] Scan progress: 5120/32768 bytes
[1980-01-01 03:38:15.33] Scan progress: 5632/32768 bytes
[1980-01-01 03:38:22.36] Scan progress: 6144/32768 bytes
[1980-01-01 03:38:29.34] Scan progress: 6656/32768 bytes
[1980-01-01 03:38:36.37] Scan progress: 7168/32768 bytes
[1980-01-01 03:38:43.34] Scan progress: 7680/32768 bytes
[1980-01-01 03:38:50.37] Scan progress: 8192/32768 bytes
[1980-01-01 03:38:57.35] Scan progress: 8704/32768 bytes
[1980-01-01 03:39:04.38] Scan progress: 9216/32768 bytes
[1980-01-01 03:39:11.36] Scan progress: 9728/32768 bytes
[1980-01-01 03:39:18.39] Scan progress: 10240/32768 bytes
[1980-01-01 03:39:25.36] Scan progress: 10752/32768 bytes
[1980-01-01 03:39:32.39] Scan progress: 11264/32768 bytes
[1980-01-01 03:39:39.37] Scan progress: 11776/32768 bytes
[1980-01-01 03:39:46.40] Scan progress: 12288/32768 bytes
[1980-01-01 03:39:53.37] Scan progress: 12800/32768 bytes
[1980-01-01 03:40:00.40] Scan progress: 13312/32768 bytes
[1980-01-01 03:40:07.38] Scan progress: 13824/32768 bytes
[1980-01-01 03:40:14.41] Scan progress: 14336/32768 bytes
[1980-01-01 03:40:21.39] Scan progress: 14848/32768 bytes
[1980-01-01 03:40:28.42] Scan progress: 15360/32768 bytes
[1980-01-01 03:40:35.39] Scan progress: 15872/32768 bytes
[1980-01-01 03:40:42.42] Scan progress: 16384/32768 bytes
[1980-01-01 03:40:49.40] Scan progress: 16896/32768 bytes
[1980-01-01 03:40:56.43] Scan progress: 17408/32768 bytes
[1980-01-01 03:41:03.40] Scan progress: 17920/32768 bytes
[1980-01-01 03:41:10.43] Scan progress: 18432/32768 bytes
[1980-01-01 03:41:17.41] Scan progress: 18944/32768 bytes
[1980-01-01 03:41:24.44] Scan progress: 19456/32768 bytes
[1980-01-01 03:41:31.42] Scan progress: 19968/32768 bytes
[1980-01-01 03:41:38.45] Scan progress: 20480/32768 bytes
[1980-01-01 03:41:45.42] Scan progress: 20992/32768 bytes
[1980-01-01 03:41:52.45] Scan progress: 21504/32768 bytes
[1980-01-01 03:41:59.43] Scan progress: 22016/32768 bytes
[1980-01-01 03:42:06.46] Scan progress: 22528/32768 bytes
[1980-01-01 03:42:13.43] Scan progress: 23040/32768 bytes
[1980-01-01 03:42:20.46] Scan progress: 23552/32768 bytes
[1980-01-01 03:42:27.44] Scan progress: 24064/32768 bytes
[1980-01-01 03:42:34.47] Scan progress: 24576/32768 bytes
[1980-01-01 03:42:41.45] Scan progress: 25088/32768 bytes
[1980-01-01 03:42:48.48] Scan progress: 25600/32768 bytes
[1980-01-01 03:42:55.45] Scan progress: 26112/32768 bytes
[1980-01-01 03:43:02.48] Scan progress: 26624/32768 bytes
[1980-01-01 03:43:09.46] Scan progress: 27136/32768 bytes
[1980-01-01 03:43:16.49] Scan progress: 27648/32768 bytes
[1980-01-01 03:43:23.46] Scan progress: 28160/32768 bytes
[1980-01-01 03:43:30.55] Scan progress: 28672/32768 bytes
[1980-01-01 03:43:37.52] Scan progress: 29184/32768 bytes
[1980-01-01 03:43:44.55] Scan progress: 29696/32768 bytes
[1980-01-01 03:43:51.53] Scan progress: 30208/32768 bytes
[1980-01-01 03:43:58.56] Scan progress: 30720/32768 bytes
[1980-01-01 03:44:05.54] Scan progress: 31232/32768 bytes
[1980-01-01 03:44:12.57] Scan progress: 31744/32768 bytes
[1980-01-01 03:44:19.54] Scan progress: 32256/32768 bytes
[1980-01-01 03:44:26.57] Scan progress: 32768/32768 bytes
[1980-01-01 03:44:26.57] DOSRAVI_METRIC read_ms=448855 profile=conservative
[1980-01-01 03:44:26.63] Power transition: safe shutdown begins
[1980-01-01 03:44:26.68] Safe shutdown complete: VCC off, VPP off
[1980-01-01 03:44:30.80] Read complete: bytes=32768 CRC16-CCITT=ff00
[1980-01-01 03:44:30.80] Result code=0
[1980-01-01 03:44:30.80] ================= END RUN =================
[1980-01-01 03:50:23.81] ================ BEGIN RUN ================
[1980-01-01 03:50:23.81] Willem V30 version 0.2.0-dev; 8086-compatible; 24-bit address build
[1980-01-01 03:50:23.86] Command-line argc=5
[1980-01-01 03:50:23.86] argv[0]=<C>
[1980-01-01 03:50:23.86] argv[1]=<R27256>
[1980-01-01 03:50:23.92] argv[2]=<E25603A.BIN>
[1980-01-01 03:50:23.92] argv[3]=<378>
[1980-01-01 03:50:23.92] argv[4]=</PROFILE:conservative>
[1980-01-01 03:50:23.97] DOSRAVI_PROFILE name=conservative address_setup_us=4 oe_settle_us=4 input_latch_us=4 input_clock_us=4 power_on_ms=5 build_id=dosravi-27256-ce-fix-v2
[1980-01-01 03:50:24.03] Operation=READ device=27256/27C256 image=E25603A.BIN LPT=378h trace=off
[1980-01-01 03:50:24.08] Required DIP mask=1b3h; VPP MUST remain off
[1980-01-01 03:50:24.14] DIP number:  1  2  3  4  5  6  7  8  9 10 11 12
[1980-01-01 03:50:24.14] DIP ON :   [X][X][ ][ ][X][X][ ][X][X][ ][ ][ ]
[1980-01-01 03:50:24.19] DIP OFF:   [ ][ ][X][X][ ][ ][X][ ][ ][X][X][X]
[1980-01-01 03:50:24.19] Set each numbered lever toward the row containing X
[1980-01-01 03:50:24.25] ZIF pair: lever/notch -> [--][--][1/28] ... [14/15] <- far end
[1980-01-01 03:50:24.25] Leave TWO complete rows empty at lever end; do NOT center chip
[1980-01-01 03:50:24.30] Place chip against far end; notch faces empty rows and lever
[1980-01-01 03:50:24.30] Initial raw DATA=00 STATUS=77 CONTROL=0b
[1980-01-01 03:50:24.36] Power transition: enabling VCC, VPP off
[1980-01-01 03:50:31.33] Scan progress: 512/32768 bytes
[1980-01-01 03:50:38.36] Scan progress: 1024/32768 bytes
[1980-01-01 03:50:45.34] Scan progress: 1536/32768 bytes
[1980-01-01 03:50:52.37] Scan progress: 2048/32768 bytes
[1980-01-01 03:50:59.34] Scan progress: 2560/32768 bytes
[1980-01-01 03:51:06.38] Scan progress: 3072/32768 bytes
[1980-01-01 03:51:13.35] Scan progress: 3584/32768 bytes
[1980-01-01 03:51:20.38] Scan progress: 4096/32768 bytes
[1980-01-01 03:51:27.36] Scan progress: 4608/32768 bytes
[1980-01-01 03:51:34.39] Scan progress: 5120/32768 bytes
[1980-01-01 03:51:41.36] Scan progress: 5632/32768 bytes
[1980-01-01 03:51:48.39] Scan progress: 6144/32768 bytes
[1980-01-01 03:51:55.37] Scan progress: 6656/32768 bytes
[1980-01-01 03:52:02.40] Scan progress: 7168/32768 bytes
[1980-01-01 03:52:09.37] Scan progress: 7680/32768 bytes
[1980-01-01 03:52:16.41] Scan progress: 8192/32768 bytes
[1980-01-01 03:52:23.38] Scan progress: 8704/32768 bytes
[1980-01-01 03:52:30.41] Scan progress: 9216/32768 bytes
[1980-01-01 03:52:37.39] Scan progress: 9728/32768 bytes
[1980-01-01 03:52:44.42] Scan progress: 10240/32768 bytes
[1980-01-01 03:52:51.39] Scan progress: 10752/32768 bytes
[1980-01-01 03:52:58.42] Scan progress: 11264/32768 bytes
[1980-01-01 03:53:05.40] Scan progress: 11776/32768 bytes
[1980-01-01 03:53:12.43] Scan progress: 12288/32768 bytes
[1980-01-01 03:53:19.40] Scan progress: 12800/32768 bytes
[1980-01-01 03:53:26.44] Scan progress: 13312/32768 bytes
[1980-01-01 03:53:33.41] Scan progress: 13824/32768 bytes
[1980-01-01 03:53:40.44] Scan progress: 14336/32768 bytes
[1980-01-01 03:53:47.42] Scan progress: 14848/32768 bytes
[1980-01-01 03:53:54.45] Scan progress: 15360/32768 bytes
[1980-01-01 03:54:01.42] Scan progress: 15872/32768 bytes
[1980-01-01 03:54:08.45] Scan progress: 16384/32768 bytes
[1980-01-01 03:54:15.48] Scan progress: 16896/32768 bytes
[1980-01-01 03:54:22.46] Scan progress: 17408/32768 bytes
[1980-01-01 03:54:29.49] Scan progress: 17920/32768 bytes
[1980-01-01 03:54:36.47] Scan progress: 18432/32768 bytes
[1980-01-01 03:54:43.50] Scan progress: 18944/32768 bytes
[1980-01-01 03:54:50.47] Scan progress: 19456/32768 bytes
[1980-01-01 03:54:57.50] Scan progress: 19968/32768 bytes
[1980-01-01 03:55:04.48] Scan progress: 20480/32768 bytes
[1980-01-01 03:55:11.51] Scan progress: 20992/32768 bytes
[1980-01-01 03:55:18.54] Scan progress: 21504/32768 bytes
[1980-01-01 03:55:25.51] Scan progress: 22016/32768 bytes
[1980-01-01 03:55:32.54] Scan progress: 22528/32768 bytes
[1980-01-01 03:55:39.52] Scan progress: 23040/32768 bytes
[1980-01-01 03:55:46.55] Scan progress: 23552/32768 bytes
[1980-01-01 03:55:53.53] Scan progress: 24064/32768 bytes
[1980-01-01 03:56:00.56] Scan progress: 24576/32768 bytes
[1980-01-01 03:56:07.53] Scan progress: 25088/32768 bytes
[1980-01-01 03:56:14.56] Scan progress: 25600/32768 bytes
[1980-01-01 03:56:21.54] Scan progress: 26112/32768 bytes
[1980-01-01 03:56:28.57] Scan progress: 26624/32768 bytes
[1980-01-01 03:56:35.54] Scan progress: 27136/32768 bytes
[1980-01-01 03:56:42.57] Scan progress: 27648/32768 bytes
[1980-01-01 03:56:49.55] Scan progress: 28160/32768 bytes
[1980-01-01 03:56:56.58] Scan progress: 28672/32768 bytes
[1980-01-01 03:57:03.56] Scan progress: 29184/32768 bytes
[1980-01-01 03:57:10.59] Scan progress: 29696/32768 bytes
[1980-01-01 03:57:17.56] Scan progress: 30208/32768 bytes
[1980-01-01 03:57:24.59] Scan progress: 30720/32768 bytes
[1980-01-01 03:57:31.57] Scan progress: 31232/32768 bytes
[1980-01-01 03:57:38.60] Scan progress: 31744/32768 bytes
[1980-01-01 03:57:45.57] Scan progress: 32256/32768 bytes
[1980-01-01 03:57:52.60] Scan progress: 32768/32768 bytes
[1980-01-01 03:57:52.60] DOSRAVI_METRIC read_ms=448855 profile=conservative
[1980-01-01 03:57:52.66] Power transition: safe shutdown begins
[1980-01-01 03:57:52.66] Safe shutdown complete: VCC off, VPP off
[1980-01-01 03:57:56.72] Read complete: bytes=32768 CRC16-CCITT=04b6
[1980-01-01 03:57:56.72] Result code=0
[1980-01-01 03:57:56.72] ================= END RUN =================
