[1980-01-01 01:24:32.14] ================ BEGIN RUN ================
[1980-01-01 01:24:32.14] Willem V30 version 0.2.0-dev; 8086-compatible; 24-bit address build
[1980-01-01 01:24:32.20] Command-line argc=5
[1980-01-01 01:24:32.20] argv[0]=<C>
[1980-01-01 01:24:32.20] argv[1]=<R28C64>
[1980-01-01 01:24:32.25] argv[2]=<EK37CTA.BIN>
[1980-01-01 01:24:32.25] argv[3]=<378>
[1980-01-01 01:24:32.25] argv[4]=</PROFILE:conservative>
[1980-01-01 01:24:32.31] DOSRAVI_PROFILE name=conservative address_setup_us=4 oe_settle_us=4 input_latch_us=4 input_clock_us=4 power_on_ms=200 build_id=dosravi-27256-read-v1
[1980-01-01 01:24:32.36] Operation=READ device=AT28C64 image=EK37CTA.BIN LPT=378h trace=off
[1980-01-01 01:24:32.42] Required DIP mask=12bh; VPP MUST remain off
[1980-01-01 01:24:32.42] DIP number:  1  2  3  4  5  6  7  8  9 10 11 12
[1980-01-01 01:24:32.47] DIP ON :   [X][X][ ][X][ ][X][ ][ ][X][ ][ ][ ]
[1980-01-01 01:24:32.47] DIP OFF:   [ ][ ][X][ ][X][ ][X][X][ ][X][X][X]
[1980-01-01 01:24:32.53] Set each numbered lever toward the row containing X
[1980-01-01 01:24:32.53] ZIF pair: lever/notch -> [--][--][1/28] ... [14/15] <- far end
[1980-01-01 01:24:32.58] Leave TWO complete rows empty at lever end; do NOT center chip
[1980-01-01 01:24:32.58] Place chip against far end; notch faces empty rows and lever
[1980-01-01 01:24:32.64] Initial raw DATA=00 STATUS=77 CONTROL=0b
[1980-01-01 01:24:32.64] Power transition: enabling VCC, VPP off
[1980-01-01 01:24:39.78] Scan progress: 512/8192 bytes
[1980-01-01 01:24:46.75] Scan progress: 1024/8192 bytes
[1980-01-01 01:24:53.73] Scan progress: 1536/8192 bytes
[1980-01-01 01:25:00.76] Scan progress: 2048/8192 bytes
[1980-01-01 01:25:07.74] Scan progress: 2560/8192 bytes
[1980-01-01 01:25:14.71] Scan progress: 3072/8192 bytes
[1980-01-01 01:25:21.74] Scan progress: 3584/8192 bytes
[1980-01-01 01:25:28.72] Scan progress: 4096/8192 bytes
[1980-01-01 01:25:35.75] Scan progress: 4608/8192 bytes
[1980-01-01 01:25:42.72] Scan progress: 5120/8192 bytes
[1980-01-01 01:25:49.70] Scan progress: 5632/8192 bytes
[1980-01-01 01:25:56.73] Scan progress: 6144/8192 bytes
[1980-01-01 01:26:03.71] Scan progress: 6656/8192 bytes
[1980-01-01 01:26:10.68] Scan progress: 7168/8192 bytes
[1980-01-01 01:26:17.71] Scan progress: 7680/8192 bytes
[1980-01-01 01:26:24.69] Scan progress: 8192/8192 bytes
[1980-01-01 01:26:24.74] DOSRAVI_METRIC read_ms=112145 profile=conservative
[1980-01-01 01:26:24.74] Power transition: safe shutdown begins
[1980-01-01 01:26:24.80] Safe shutdown complete: VCC off, VPP off
[1980-01-01 01:26:25.84] Read complete: bytes=8192 CRC16-CCITT=060d
[1980-01-01 01:26:25.90] Result code=0
[1980-01-01 01:26:25.90] ================= END RUN =================
