[1980-01-01 04:39:00.08] ================ BEGIN RUN ================
[1980-01-01 04:39:00.08] Willem V30 version 0.2.0-dev; 8086-compatible; 24-bit address build
[1980-01-01 04:39:00.13] Command-line argc=5
[1980-01-01 04:39:00.13] argv[0]=<C>
[1980-01-01 04:39:00.13] argv[1]=<R27512>
[1980-01-01 04:39:00.13] argv[2]=<AW486A.BIN>
[1980-01-01 04:39:00.19] argv[3]=<378>
[1980-01-01 04:39:00.19] argv[4]=</PROFILE:conservative>
[1980-01-01 04:39:00.30] DOSRAVI_PROFILE name=conservative address_setup_us=4 oe_settle_us=4 input_latch_us=4 input_clock_us=4 power_on_ms=5 build_id=dosravi-27512-read-v1
[1980-01-01 04:39:00.35] Operation=READ device=27512/27C512 image=AW486A.BIN LPT=378h trace=off
[1980-01-01 04:39:00.35] Required DIP mask=1d4h; VPP MUST remain off
[1980-01-01 04:39:00.41] DIP number:  1  2  3  4  5  6  7  8  9 10 11 12
[1980-01-01 04:39:00.41] DIP ON :   [ ][ ][X][ ][X][ ][X][X][X][ ][ ][ ]
[1980-01-01 04:39:00.46] DIP OFF:   [X][X][ ][X][ ][X][ ][ ][ ][X][X][X]
[1980-01-01 04:39:00.46] Set each numbered lever toward the row containing X
[1980-01-01 04:39:00.52] ZIF pair: lever/notch -> [--][--][1/28] ... [14/15] <- far end
[1980-01-01 04:39:00.52] Leave TWO complete rows empty at lever end; do NOT center chip
[1980-01-01 04:39:00.57] Place chip against far end; notch faces empty rows and lever
[1980-01-01 04:39:00.57] Initial raw DATA=00 STATUS=7f CONTROL=0b
[1980-01-01 04:39:00.57] Power transition: enabling VCC, VPP off
[1980-01-01 04:40:53.17] Scan progress: 8192/65536 bytes
[1980-01-01 04:42:45.77] Scan progress: 16384/65536 bytes
[1980-01-01 04:44:38.31] Scan progress: 24576/65536 bytes
[1980-01-01 04:46:30.80] Scan progress: 32768/65536 bytes
[1980-01-01 04:48:23.28] Scan progress: 40960/65536 bytes
[1980-01-01 04:50:15.77] Scan progress: 49152/65536 bytes
[1980-01-01 04:52:08.26] Scan progress: 57344/65536 bytes
[1980-01-01 04:54:00.69] Scan progress: 65536/65536 bytes
[1980-01-01 04:54:00.75] DOSRAVI_METRIC read_ms=901395 profile=conservative includes_chunk_io=1
[1980-01-01 04:54:00.75] Power transition: safe shutdown begins
[1980-01-01 04:54:00.80] Safe shutdown complete: VCC off, VPP off
[1980-01-01 04:54:00.80] Read complete: bytes=65536 CRC16-CCITT=39af
[1980-01-01 04:54:00.91] Result code=0
[1980-01-01 04:54:00.91] ================= END RUN =================
[1980-01-01 00:08:54.69] ================ BEGIN RUN ================
[1980-01-01 00:08:54.69] Willem V30 version 0.2.0-dev; 8086-compatible; 24-bit address build
[1980-01-01 00:08:54.75] Command-line argc=5
[1980-01-01 00:08:54.75] argv[0]=<C>
[1980-01-01 00:08:54.75] argv[1]=<R27C010>
[1980-01-01 00:08:54.80] argv[2]=<C5FAST1.BIN>
[1980-01-01 00:08:54.80] argv[3]=<378>
[1980-01-01 00:08:54.80] argv[4]=</PROFILE:fast>
[1980-01-01 00:08:54.86] DOSRAVI_PROFILE name=fast address_setup_us=1 oe_settle_us=1 input_latch_us=1 input_clock_us=1 power_on_ms=5 build_id=dosravi-27c010-read-v1
[1980-01-01 00:08:54.91] Operation=READ device=M27C1001/27C010 image=C5FAST1.BIN LPT=378h trace=off
[1980-01-01 00:08:54.97] Required DIP mask=634h; VPP MUST remain off
[1980-01-01 00:08:55.02] DIP number:  1  2  3  4  5  6  7  8  9 10 11 12
[1980-01-01 00:08:55.08] DIP ON :   [ ][ ][X][ ][X][X][ ][ ][ ][X][X][ ]
[1980-01-01 00:08:55.08] DIP OFF:   [X][X][ ][X][ ][ ][X][X][X][ ][ ][X]
[1980-01-01 00:08:55.08] Set each numbered lever toward the row containing X
[1980-01-01 00:08:55.13] Fill all 32 ZIF contacts; NO empty rows; notch toward lever
[1980-01-01 00:08:55.13] Use Normal routing and parked A19 jumper
[1980-01-01 00:08:55.19] Initial raw DATA=00 STATUS=77 CONTROL=0b
[1980-01-01 00:08:55.19] Power transition: enabling VCC, VPP off
[1980-01-01 00:10:47.79] Scan progress: 8192/131072 bytes
[1980-01-01 00:12:40.33] Scan progress: 16384/131072 bytes
[1980-01-01 00:14:32.87] Scan progress: 24576/131072 bytes
[1980-01-01 00:16:25.47] Scan progress: 32768/131072 bytes
[1980-01-01 00:18:18.01] Scan progress: 40960/131072 bytes
[1980-01-01 00:20:10.55] Scan progress: 49152/131072 bytes
[1980-01-01 00:22:03.10] Scan progress: 57344/131072 bytes
[1980-01-01 00:23:55.69] Scan progress: 65536/131072 bytes
[1980-01-01 00:25:48.23] Scan progress: 73728/131072 bytes
[1980-01-01 00:27:40.78] Scan progress: 81920/131072 bytes
[1980-01-01 00:29:33.26] Scan progress: 90112/131072 bytes
[1980-01-01 00:31:25.81] Scan progress: 98304/131072 bytes
[1980-01-01 00:33:18.35] Scan progress: 106496/131072 bytes
[1980-01-01 00:35:10.89] Scan progress: 114688/131072 bytes
[1980-01-01 00:37:03.32] Scan progress: 122880/131072 bytes
[1980-01-01 00:38:55.81] Scan progress: 131072/131072 bytes
[1980-01-01 00:38:55.81] DOSRAVI_METRIC read_ms=1803065 profile=fast includes_chunk_io=1
[1980-01-01 00:38:55.87] Power transition: safe shutdown begins
[1980-01-01 00:38:55.87] Safe shutdown complete: VCC off, VPP off
[1980-01-01 00:38:55.92] Read complete: bytes=131072 CRC16-CCITT=401c
[1980-01-01 00:38:55.92] Result code=0
[1980-01-01 00:38:55.98] ================= END RUN =================
[1980-01-01 00:44:59.53] ================ BEGIN RUN ================
[1980-01-01 00:44:59.58] Willem V30 version 0.2.0-dev; 8086-compatible; 24-bit address build
[1980-01-01 00:44:59.64] Command-line argc=6
[1980-01-01 00:44:59.64] argv[0]=<C>
[1980-01-01 00:44:59.69] argv[1]=<R27C010>
[1980-01-01 00:44:59.69] argv[2]=<C5ASM2.BIN>
[1980-01-01 00:44:59.69] argv[3]=<378>
[1980-01-01 00:44:59.75] argv[4]=</PROFILE:conservative>
[1980-01-01 00:44:59.75] argv[5]=</FASTADDR>
[1980-01-01 00:44:59.86] DOSRAVI_PROFILE name=conservative address_setup_us=4 oe_settle_us=4 input_latch_us=4 input_clock_us=4 power_on_ms=5 build_id=dosravi-27c010-fastaddr-v2
[1980-01-01 00:44:59.91] Operation=READ device=M27C1001/27C010 image=C5ASM2.BIN LPT=378h trace=off
[1980-01-01 00:44:59.97] Required DIP mask=634h; VPP MUST remain off
[1980-01-01 00:45:00.02] DIP number:  1  2  3  4  5  6  7  8  9 10 11 12
[1980-01-01 00:45:00.02] DIP ON :   [ ][ ][X][ ][X][X][ ][ ][ ][X][X][ ]
[1980-01-01 00:45:00.08] DIP OFF:   [X][X][ ][X][ ][ ][X][X][X][ ][ ][X]
[1980-01-01 00:45:00.08] Set each numbered lever toward the row containing X
[1980-01-01 00:45:00.08] Fill all 32 ZIF contacts; NO empty rows; notch toward lever
[1980-01-01 00:45:00.13] Use Normal routing and parked A19 jumper
[1980-01-01 00:45:00.13] Initial raw DATA=00 STATUS=77 CONTROL=0b
[1980-01-01 00:45:00.19] Address shifter=8086 assembly
[1980-01-01 00:45:00.19] Power transition: enabling VCC, VPP off
[1980-01-01 00:45:44.90] Scan progress: 8192/131072 bytes
[1980-01-01 00:46:29.61] Scan progress: 16384/131072 bytes
[1980-01-01 00:47:14.32] Scan progress: 24576/131072 bytes
[1980-01-01 00:47:58.97] Scan progress: 32768/131072 bytes
[1980-01-01 00:48:43.68] Scan progress: 40960/131072 bytes
[1980-01-01 00:49:28.33] Scan progress: 49152/131072 bytes
[1980-01-01 00:50:13.04] Scan progress: 57344/131072 bytes
[1980-01-01 00:50:57.75] Scan progress: 65536/131072 bytes
[1980-01-01 00:51:42.46] Scan progress: 73728/131072 bytes
[1980-01-01 00:52:27.12] Scan progress: 81920/131072 bytes
[1980-01-01 00:53:11.83] Scan progress: 90112/131072 bytes
[1980-01-01 00:53:56.53] Scan progress: 98304/131072 bytes
[1980-01-01 00:54:41.19] Scan progress: 106496/131072 bytes
[1980-01-01 00:55:25.90] Scan progress: 114688/131072 bytes
[1980-01-01 00:56:10.55] Scan progress: 122880/131072 bytes
[1980-01-01 00:56:55.15] Scan progress: 131072/131072 bytes
[1980-01-01 00:56:55.15] DOSRAVI_METRIC read_ms=715935 profile=conservative includes_chunk_io=1
[1980-01-01 00:56:55.21] Power transition: safe shutdown begins
[1980-01-01 00:56:55.21] Safe shutdown complete: VCC off, VPP off
[1980-01-01 00:56:55.26] Read complete: bytes=131072 CRC16-CCITT=401c
[1980-01-01 00:56:55.32] Result code=0
[1980-01-01 00:56:55.32] ================= END RUN =================
